# output generated by ../../scripts/diff_fasta.py --output=missed --output=seqdiff a.fasta.gz b.fasta.gz
# job started at Thu Aug  8 16:46:29 2013 on cgat150.anat.ox.ac.uk -- 342c271a-9b47-48df-8e17-e5fc38ec4f96
# pid: 8256, system: Linux 2.6.32-358.11.1.el6.x86_64 #1 SMP Wed May 15 10:48:38 EDT 2013 x86_64
# correct_shift                           : False
# loglevel                                : 1
# output                                  : [\'missed\', \'seqdiff\']
# pattern1                                : (\\S+)
# pattern2                                : (\\S+)
# stderr                                  : <open file \'<stderr>\', mode \'w\' at 0x2b2c6691c270>
# stdin                                   : <open file \'<stdin>\', mode \'r\' at 0x2b2c6691c150>
# stdlog                                  : <open file \'<stdout>\', mode \'w\' at 0x2b2c6691c1e0>
# stdout                                  : <open file \'<stdout>\', mode \'w\' at 0x2b2c6691c1e0>
# timeit_file                             : None
# timeit_header                           : None
# timeit_name                             : all
---- ENSACAP00000018122 ---- prefix
< LIRSSSMFHIMKHGHYISRFGSKPGLKCIGMHENGIIFNNNPALWKEIRPFFTKALSGPGLVRMIAICVESTIEHMDKLEEVTTKCGYVNSLNLMRRVMLDTSNRLFLGIPLDEDAIVLKIQNYFDAWQALLLKPDIFFKFSWLYKKYEKSANDLKEAIEDLIEQKRQKLSTIDKLEDHMDFASQLIFAQSRGELTAENVNQCVLEMLIAAPDTLSVTLFFILVR
> LIRSSSMFHIMKHGHYISRFGSKPGLKCIGMHENGIIFNNNPALWKEIRPFFTKALSGPGLVRMIAICVESTIEHMDKLEEVTTKCGYVNSLNLMRRVMLDTSNRLFLGIPLDEDAIVLKIQNYFDAWQALLLKPDIFFKFSWLYKKYEKSANDLKEAIEDLIEQKRQKLSTIDKLEDHMDFASQLIFAQSRGELTAENVNQCVLEMLIAAPDTLSVTLFFILVRXXXXXXXXXTSDLSSLILEGDRDIQSEDMPKLKVVENFILESMRYQPVVDLVMRKALQDDVIDGYPVKKGTNIILNIGRMHRLEFFPKPNEFSLENFEKSVPYRYFQPFGFGPRGCVGKFIAMVMMKAILVTLLRRCRIQTEKGEGLNDIPKNNDLSLHPNERQPLLEMLFTPRS
---- ENSACAP00000005213 ---- first
< ?EEEEDESNNSYLYQPLNQDPDQGPAAVEETAPSTEPALDINERLQAMRLHLPDPPVDSDEEEGSAAQSSHSSIPMDPEHVELVKRTMAGIKLPTLAIPAWANEISDDQWQDMVQRTLQARQSGSKPEWK
> XEEEEDESNNSYLYQPLNQDPDQGPAAVEETAPSTEPALDINERLQAMRLHLPDPPVDSDEEEGSAAQSSHSSIPMDPEHVELVKRTMAGIKLPTLAIPAWANEISDDQWQDMVQRTLQARQSGSKPEWK
---- ENSACAP00000003476 ---- missed2
---- ENSACAP00000005631 ---- missed2
# Legend:
# seqs1:          number of sequences in set 1
# seqs2:          number of sequences in set 2
# same:           number of identical sequences
# diff:           number of sequences with differences
# nmissed1:       sequences in set 1 that are not found in set 2
# nmissed2:       sequences in set 2 that are not found in set 1
# Type of sequence differences
# first:          only the first residue is different
# last:           only the last residue is different
# prefix:         one sequence is prefix of the other
# selenocysteine: difference due to selenocysteines
# masked:         difference due to masked residues
# fixed:          fixed differences
# other:          other differences
# 2013-08-08 16:46:29,848 INFO seqs1=3, seqs2=5, same=1, ndiff=2, nmissed1=0, nmissed2=2
# 2013-08-08 16:46:29,848 INFO ndiff=2: first=1, last=0, prefix=1, selenocysteine=0, masked=0, fixed=0, other=0
# job finished in 0 seconds at Thu Aug  8 16:46:29 2013 --  0.25  0.14  0.00  0.00 -- 342c271a-9b47-48df-8e17-e5fc38ec4f96
